
risk-v_RGBIC_node.elf:     file format elf32-littleriscv
risk-v_RGBIC_node.elf
architecture: riscv:rv32, flags 0x00000112:
EXEC_P, HAS_SYMS, D_PAGED
start address 0x00000000

Program Header:
    LOAD off    0x00001000 vaddr 0x00000000 paddr 0x00000000 align 2**12
         filesz 0x00000be4 memsz 0x00000be4 flags r-x
    LOAD off    0x00002000 vaddr 0x20000000 paddr 0x00000be4 align 2**12
         filesz 0x00000040 memsz 0x00000048 flags rw-
    LOAD off    0x00002700 vaddr 0x20000700 paddr 0x20000700 align 2**12
         filesz 0x00000000 memsz 0x00000100 flags rw-

Sections:
Idx Name          Size      VMA       LMA       File off  Algn
  0 .init         000000a0  00000000  00000000  00001000  2**2
                  CONTENTS, ALLOC, LOAD, READONLY, CODE
  1 .highcodelalign 00000000  000000a0  000000a0  00002040  2**0
                  CONTENTS
  2 .highcode     00000000  20000000  20000000  00002040  2**0
                  CONTENTS
  3 .text         00000b44  000000a0  000000a0  000010a0  2**2
                  CONTENTS, ALLOC, LOAD, READONLY, CODE
  4 .fini         00000000  00000be4  00000be4  00002040  2**0
                  CONTENTS, ALLOC, LOAD, CODE
  5 .dalign       00000000  20000000  20000000  00002040  2**0
                  CONTENTS
  6 .dlalign      00000000  00000be4  00000be4  00002040  2**0
                  CONTENTS
  7 .data         00000040  20000000  00000be4  00002000  2**2
                  CONTENTS, ALLOC, LOAD, DATA
  8 .bss          00000008  20000040  00000c24  00002040  2**2
                  ALLOC
  9 .stack        00000100  20000700  20000700  00002700  2**0
                  ALLOC
 10 .debug_info   0000b7a3  00000000  00000000  00002040  2**0
                  CONTENTS, READONLY, DEBUGGING
 11 .debug_abbrev 00001f20  00000000  00000000  0000d7e3  2**0
                  CONTENTS, READONLY, DEBUGGING
 12 .debug_aranges 000006f8  00000000  00000000  0000f708  2**3
                  CONTENTS, READONLY, DEBUGGING
 13 .debug_ranges 000006e8  00000000  00000000  0000fe00  2**3
                  CONTENTS, READONLY, DEBUGGING
 14 .debug_line   00008b00  00000000  00000000  000104e8  2**0
                  CONTENTS, READONLY, DEBUGGING
 15 .debug_str    000023d6  00000000  00000000  00018fe8  2**0
                  CONTENTS, READONLY, DEBUGGING
 16 .comment      00000033  00000000  00000000  0001b3be  2**0
                  CONTENTS, READONLY
 17 .debug_frame  00000ee4  00000000  00000000  0001b3f4  2**2
                  CONTENTS, READONLY, DEBUGGING
 18 .debug_loc    000030e6  00000000  00000000  0001c2d8  2**0
                  CONTENTS, READONLY, DEBUGGING
SYMBOL TABLE:
00000000 l    d  .init	00000000 .init
000000a0 l    d  .highcodelalign	00000000 .highcodelalign
20000000 l    d  .highcode	00000000 .highcode
000000a0 l    d  .text	00000000 .text
00000be4 l    d  .fini	00000000 .fini
20000000 l    d  .dalign	00000000 .dalign
00000be4 l    d  .dlalign	00000000 .dlalign
20000000 l    d  .data	00000000 .data
20000040 l    d  .bss	00000000 .bss
20000700 l    d  .stack	00000000 .stack
00000000 l    d  .debug_info	00000000 .debug_info
00000000 l    d  .debug_abbrev	00000000 .debug_abbrev
00000000 l    d  .debug_aranges	00000000 .debug_aranges
00000000 l    d  .debug_ranges	00000000 .debug_ranges
00000000 l    d  .debug_line	00000000 .debug_line
00000000 l    d  .debug_str	00000000 .debug_str
00000000 l    d  .comment	00000000 .comment
00000000 l    d  .debug_frame	00000000 .debug_frame
00000000 l    d  .debug_loc	00000000 .debug_loc
00000000 l    df *ABS*	00000000 ch32v00x_it.c
00000000 l    df *ABS*	00000000 main.c
00000000 l    df *ABS*	00000000 system_ch32v00x.c
00000000 l    df *ABS*	00000000 ch32v00x_dma.c
00000000 l    df *ABS*	00000000 ch32v00x_gpio.c
00000000 l    df *ABS*	00000000 ch32v00x_misc.c
00000000 l    df *ABS*	00000000 ch32v00x_rcc.c
2000001c l     O .data	00000014 ADCPrescTable
20000030 l     O .data	00000010 APBAHBPrescTable
00000000 l    df *ABS*	00000000 ch32v00x_tim.c
00000000 l    df *ABS*	00000000 ch32v00x_usart.c
00000000 l    df *ABS*	00000000 debug.c
20000044 l     O .bss	00000002 p_ms
20000046 l     O .bss	00000001 p_us
0000074c g     F .text	00000014 DMA_Cmd
20000840 g       .data	00000000 __global_pointer$
000005d0  w      .text	00000000 TIM1_CC_IRQHandler
000001f4 g     F .text	00000010 HardFault_Handler
00000a24 g     F .text	0000000e TIM_OC1PreloadConfig
000005d0  w      .text	00000000 SysTick_Handler
000005d0  w      .text	00000000 PVD_IRQHandler
000001f2 g     F .text	00000002 NMI_Handler
00000a00 g     F .text	0000000a TIM_DMACmd
20000040 g       .bss	00000000 _sbss
00000100 g       *ABS*	00000000 __stack_size
00000b8e g     F .text	00000054 USART_Printf_Init
00000714 g     F .text	00000038 DMA_Init
00000370 g     F .text	0000005a initGpioCustom
000000aa g     F .text	0000000a .hidden __riscv_restore_2
000009d8 g     F .text	00000016 TIM_CtrlPWMOutputs
000009c0 g     F .text	00000018 TIM_Cmd
20000018 g     O .data	00000004 SystemCoreClock
000000d4 g     F .text	0000002c .hidden __udivsi3
000000a0 g       .init	00000000 _einit
000008cc g     F .text	0000001e RCC_APB2PeriphClockCmd
00000760 g     F .text	0000007c GPIO_Init
20000040 g     O .bss	00000004 NVIC_Priority_Group
000005d0  w      .text	00000000 SPI1_IRQHandler
00000afe g     F .text	00000016 USART_Cmd
000000a0 g     F .text	0000000a .hidden __riscv_save_1
000000aa g     F .text	0000000a .hidden __riscv_restore_0
000005d0  w      .text	00000000 AWU_IRQHandler
000005d0  w      .text	00000000 EXTI7_0_IRQHandler
000008ea g     F .text	0000001e RCC_APB1PeriphClockCmd
20000700 g       .stack	00000000 _heap_end
000008ae g     F .text	0000001e RCC_AHBPeriphClockCmd
000005d0  w      .text	00000000 DMA1_Channel4_IRQHandler
000005d0  w      .text	00000000 ADC1_IRQHandler
20000048 g       .bss	00000000 _ebss
000005d0  w      .text	00000000 DMA1_Channel7_IRQHandler
00000956 g     F .text	0000006a TIM_OC1Init
00000b14 g     F .text	0000003c Delay_Init
00000a0a g     F .text	0000001a TIM_ARRPreloadConfig
000007e6 g     F .text	0000000a GPIO_WriteBit
00000100 g     F .text	00000008 .hidden __umodsi3
000005d0  w      .text	00000000 I2C1_EV_IRQHandler
0000080c g     F .text	000000a2 RCC_GetClocksFreq
000005d0  w      .text	00000000 DMA1_Channel6_IRQHandler
00000a32 g     F .text	000000cc USART_Init
000005d0  w      .text	00000000 RCC_IRQHandler
000005d0  w      .text	00000000 TIM1_TRG_COM_IRQHandler
000005d0  w      .text	00000000 DMA1_Channel1_IRQHandler
00000000 g       .init	00000000 _start
20000008 g     O .data	00000010 AHBPrescTable
000009ee g     F .text	00000012 TIM_ITConfig
20000000 g       .highcode	00000000 _highcode_vma_start
000000b4 g     F .text	00000014 .hidden __mulsi3
20000000 g       .dalign	00000000 _data_vma
000002f8 g     F .text	00000078 USARTx_CFG
0000014a g     F .text	000000a8 memset
000007fa g     F .text	00000012 RCC_AdjustHSICalibrationValue
000003f4 g     F .text	00000068 main
000005d0  w      .text	00000000 DMA1_Channel5_IRQHandler
000000cc g     F .text	00000058 .hidden __divsi3
00000b50 g     F .text	0000003e Delay_Ms
00000204 g     F .text	00000090 TIM2_PWMOut_Init
000000a0 g       .highcodelalign	00000000 _highcode_lma
0000045c g     F .text	0000010c SystemInit
00000000 g       .init	00000000 _sinit
000005d0  w      .text	00000000 DMA1_Channel3_IRQHandler
000005d0  w      .text	00000000 TIM1_UP_IRQHandler
000005d0  w      .text	00000000 WWDG_IRQHandler
000003ca g     F .text	0000002a flashLed
000005d0  w      .text	00000000 TIM2_IRQHandler
20000800 g       .stack	00000000 _eusrstack
000000a0 g     F .text	0000000a .hidden __riscv_save_2
000005d0  w      .text	00000000 SW_Handler
000005d0  w      .text	00000000 TIM1_BRK_IRQHandler
20000040 g       .data	00000000 _edata
20000000 g     O .data	00000006 pbuf
20000048 g       .bss	00000000 _end
20000000 g       .highcode	00000000 _highcode_vma_end
00000908 g     F .text	0000004e TIM_TimeBaseInit
00000294 g     F .text	00000064 TIM1_DMA_Init
00000be4 g       .dlalign	00000000 _data_lma
00000568 g     F .text	00000068 SystemCoreClockUpdate
00000124 g     F .text	00000024 .hidden __modsi3
000005d0  w      .text	00000000 DMA1_Channel2_IRQHandler
000005d2  w      .text	00000000 handle_reset
000005d0  w      .text	00000000 FLASH_IRQHandler
000000a0 g     F .text	0000000a .hidden __riscv_save_0
000005d0  w      .text	00000000 USART1_IRQHandler
000005d0  w      .text	00000000 I2C1_ER_IRQHandler
000007f0 g     F .text	0000000a NVIC_PriorityGroupConfig
00000682 g     F .text	00000092 DMA_DeInit
000000aa g     F .text	0000000a .hidden __riscv_restore_1
000007dc g     F .text	0000000a GPIO_ReadInputDataBit



Disassembly of section .init:

00000000 <_sinit>:
   0:	5d20006f          	j	5d2 <handle_reset>
   4:	0000                	unimp
   6:	0000                	unimp
   8:	01f2                	slli	gp,gp,0x1c
   a:	0000                	unimp
   c:	01f4                	addi	a3,sp,204
	...
  2e:	0000                	unimp
  30:	05d0                	addi	a2,sp,708
  32:	0000                	unimp
  34:	0000                	unimp
  36:	0000                	unimp
  38:	05d0                	addi	a2,sp,708
  3a:	0000                	unimp
  3c:	0000                	unimp
  3e:	0000                	unimp
  40:	05d0                	addi	a2,sp,708
  42:	0000                	unimp
  44:	05d0                	addi	a2,sp,708
  46:	0000                	unimp
  48:	05d0                	addi	a2,sp,708
  4a:	0000                	unimp
  4c:	05d0                	addi	a2,sp,708
  4e:	0000                	unimp
  50:	05d0                	addi	a2,sp,708
  52:	0000                	unimp
  54:	05d0                	addi	a2,sp,708
  56:	0000                	unimp
  58:	05d0                	addi	a2,sp,708
  5a:	0000                	unimp
  5c:	05d0                	addi	a2,sp,708
  5e:	0000                	unimp
  60:	05d0                	addi	a2,sp,708
  62:	0000                	unimp
  64:	05d0                	addi	a2,sp,708
  66:	0000                	unimp
  68:	05d0                	addi	a2,sp,708
  6a:	0000                	unimp
  6c:	05d0                	addi	a2,sp,708
  6e:	0000                	unimp
  70:	05d0                	addi	a2,sp,708
  72:	0000                	unimp
  74:	05d0                	addi	a2,sp,708
  76:	0000                	unimp
  78:	05d0                	addi	a2,sp,708
  7a:	0000                	unimp
  7c:	05d0                	addi	a2,sp,708
  7e:	0000                	unimp
  80:	05d0                	addi	a2,sp,708
  82:	0000                	unimp
  84:	05d0                	addi	a2,sp,708
  86:	0000                	unimp
  88:	05d0                	addi	a2,sp,708
  8a:	0000                	unimp
  8c:	05d0                	addi	a2,sp,708
  8e:	0000                	unimp
  90:	05d0                	addi	a2,sp,708
  92:	0000                	unimp
  94:	05d0                	addi	a2,sp,708
  96:	0000                	unimp
  98:	05d0                	addi	a2,sp,708
  9a:	0000                	unimp
  9c:	0000                	unimp
	...

Disassembly of section .text:

000000a0 <__riscv_save_0>:
  a0:	1151                	addi	sp,sp,-12
  a2:	c026                	sw	s1,0(sp)
  a4:	c222                	sw	s0,4(sp)
  a6:	c406                	sw	ra,8(sp)
  a8:	8282                	jr	t0

000000aa <__riscv_restore_0>:
  aa:	4482                	lw	s1,0(sp)
  ac:	4412                	lw	s0,4(sp)
  ae:	40a2                	lw	ra,8(sp)
  b0:	0131                	addi	sp,sp,12
  b2:	8082                	ret

000000b4 <__mulsi3>:
  b4:	862a                	mv	a2,a0
  b6:	4501                	li	a0,0
  b8:	0015f693          	andi	a3,a1,1
  bc:	c291                	beqz	a3,c0 <__mulsi3+0xc>
  be:	9532                	add	a0,a0,a2
  c0:	8185                	srli	a1,a1,0x1
  c2:	0606                	slli	a2,a2,0x1
  c4:	f9f5                	bnez	a1,b8 <__mulsi3+0x4>
  c6:	8082                	ret
  c8:	0000                	unimp
	...

000000cc <__divsi3>:
  cc:	02054e63          	bltz	a0,108 <__umodsi3+0x8>
  d0:	0405c363          	bltz	a1,116 <__umodsi3+0x16>

000000d4 <__udivsi3>:
  d4:	862e                	mv	a2,a1
  d6:	85aa                	mv	a1,a0
  d8:	557d                	li	a0,-1
  da:	c215                	beqz	a2,fe <__udivsi3+0x2a>
  dc:	4685                	li	a3,1
  de:	00b67863          	bgeu	a2,a1,ee <__udivsi3+0x1a>
  e2:	00c05663          	blez	a2,ee <__udivsi3+0x1a>
  e6:	0606                	slli	a2,a2,0x1
  e8:	0686                	slli	a3,a3,0x1
  ea:	feb66ce3          	bltu	a2,a1,e2 <__udivsi3+0xe>
  ee:	4501                	li	a0,0
  f0:	00c5e463          	bltu	a1,a2,f8 <__udivsi3+0x24>
  f4:	8d91                	sub	a1,a1,a2
  f6:	8d55                	or	a0,a0,a3
  f8:	8285                	srli	a3,a3,0x1
  fa:	8205                	srli	a2,a2,0x1
  fc:	faf5                	bnez	a3,f0 <__udivsi3+0x1c>
  fe:	8082                	ret

00000100 <__umodsi3>:
 100:	8286                	mv	t0,ra
 102:	3fc9                	jal	d4 <__udivsi3>
 104:	852e                	mv	a0,a1
 106:	8282                	jr	t0
 108:	40a00533          	neg	a0,a0
 10c:	0005d763          	bgez	a1,11a <__umodsi3+0x1a>
 110:	40b005b3          	neg	a1,a1
 114:	b7c1                	j	d4 <__udivsi3>
 116:	40b005b3          	neg	a1,a1
 11a:	8286                	mv	t0,ra
 11c:	3f65                	jal	d4 <__udivsi3>
 11e:	40a00533          	neg	a0,a0
 122:	8282                	jr	t0

00000124 <__modsi3>:
 124:	8286                	mv	t0,ra
 126:	0005c763          	bltz	a1,134 <__modsi3+0x10>
 12a:	00054963          	bltz	a0,13c <__modsi3+0x18>
 12e:	375d                	jal	d4 <__udivsi3>
 130:	852e                	mv	a0,a1
 132:	8282                	jr	t0
 134:	40b005b3          	neg	a1,a1
 138:	fe055be3          	bgez	a0,12e <__modsi3+0xa>
 13c:	40a00533          	neg	a0,a0
 140:	3f51                	jal	d4 <__udivsi3>
 142:	40b00533          	neg	a0,a1
 146:	8282                	jr	t0
	...

0000014a <memset>:
 14a:	433d                	li	t1,15
 14c:	872a                	mv	a4,a0
 14e:	02c37363          	bgeu	t1,a2,174 <memset+0x2a>
 152:	00f77793          	andi	a5,a4,15
 156:	efbd                	bnez	a5,1d4 <memset+0x8a>
 158:	e5ad                	bnez	a1,1c2 <memset+0x78>
 15a:	ff067693          	andi	a3,a2,-16
 15e:	8a3d                	andi	a2,a2,15
 160:	96ba                	add	a3,a3,a4
 162:	c30c                	sw	a1,0(a4)
 164:	c34c                	sw	a1,4(a4)
 166:	c70c                	sw	a1,8(a4)
 168:	c74c                	sw	a1,12(a4)
 16a:	0741                	addi	a4,a4,16
 16c:	fed76be3          	bltu	a4,a3,162 <memset+0x18>
 170:	e211                	bnez	a2,174 <memset+0x2a>
 172:	8082                	ret
 174:	40c306b3          	sub	a3,t1,a2
 178:	068a                	slli	a3,a3,0x2
 17a:	00000297          	auipc	t0,0x0
 17e:	9696                	add	a3,a3,t0
 180:	00a68067          	jr	10(a3)
 184:	00b70723          	sb	a1,14(a4)
 188:	00b706a3          	sb	a1,13(a4)
 18c:	00b70623          	sb	a1,12(a4)
 190:	00b705a3          	sb	a1,11(a4)
 194:	00b70523          	sb	a1,10(a4)
 198:	00b704a3          	sb	a1,9(a4)
 19c:	00b70423          	sb	a1,8(a4)
 1a0:	00b703a3          	sb	a1,7(a4)
 1a4:	00b70323          	sb	a1,6(a4)
 1a8:	00b702a3          	sb	a1,5(a4)
 1ac:	00b70223          	sb	a1,4(a4)
 1b0:	00b701a3          	sb	a1,3(a4)
 1b4:	00b70123          	sb	a1,2(a4)
 1b8:	00b700a3          	sb	a1,1(a4)
 1bc:	00b70023          	sb	a1,0(a4)
 1c0:	8082                	ret
 1c2:	0ff5f593          	andi	a1,a1,255
 1c6:	00859693          	slli	a3,a1,0x8
 1ca:	8dd5                	or	a1,a1,a3
 1cc:	01059693          	slli	a3,a1,0x10
 1d0:	8dd5                	or	a1,a1,a3
 1d2:	b761                	j	15a <memset+0x10>
 1d4:	00279693          	slli	a3,a5,0x2
 1d8:	00000297          	auipc	t0,0x0
 1dc:	9696                	add	a3,a3,t0
 1de:	8286                	mv	t0,ra
 1e0:	fa8680e7          	jalr	-88(a3)
 1e4:	8096                	mv	ra,t0
 1e6:	17c1                	addi	a5,a5,-16
 1e8:	8f1d                	sub	a4,a4,a5
 1ea:	963e                	add	a2,a2,a5
 1ec:	f8c374e3          	bgeu	t1,a2,174 <memset+0x2a>
 1f0:	b7a5                	j	158 <memset+0xe>

000001f2 <NMI_Handler>:
 1f2:	a001                	j	1f2 <NMI_Handler>

000001f4 <HardFault_Handler>:
 1f4:	beef07b7          	lui	a5,0xbeef0
 1f8:	e000e737          	lui	a4,0xe000e
 1fc:	08078793          	addi	a5,a5,128 # beef0080 <__global_pointer$+0x9eeef840>
 200:	c73c                	sw	a5,72(a4)
 202:	a001                	j	202 <HardFault_Handler+0xe>

00000204 <TIM2_PWMOut_Init>:
 204:	e9dff2ef          	jal	t0,a0 <__riscv_save_0>
 208:	fd410113          	addi	sp,sp,-44
 20c:	842e                	mv	s0,a1
 20e:	84aa                	mv	s1,a0
 210:	4585                	li	a1,1
 212:	4545                	li	a0,17
 214:	c032                	sw	a2,0(sp)
 216:	c802                	sw	zero,16(sp)
 218:	ca02                	sw	zero,20(sp)
 21a:	cc02                	sw	zero,24(sp)
 21c:	ce02                	sw	zero,28(sp)
 21e:	d002                	sw	zero,32(sp)
 220:	d202                	sw	zero,36(sp)
 222:	d402                	sw	zero,40(sp)
 224:	c202                	sw	zero,4(sp)
 226:	c402                	sw	zero,8(sp)
 228:	00011623          	sh	zero,12(sp)
 22c:	2d7d                	jal	8ea <RCC_APB1PeriphClockCmd>
 22e:	4785                	li	a5,1
 230:	80fc                	sh	a5,16(sp)
 232:	47e1                	li	a5,24
 234:	cc3e                	sw	a5,24(sp)
 236:	080c                	addi	a1,sp,16
 238:	478d                	li	a5,3
 23a:	40011537          	lui	a0,0x40011
 23e:	ca3e                	sw	a5,20(sp)
 240:	2305                	jal	760 <GPIO_Init>
 242:	40013537          	lui	a0,0x40013
 246:	004c                	addi	a1,sp,4
 248:	c0050513          	addi	a0,a0,-1024 # 40012c00 <__global_pointer$+0x200123c0>
 24c:	8464                	sh	s1,8(sp)
 24e:	8260                	sh	s0,4(sp)
 250:	00011523          	sh	zero,10(sp)
 254:	00011323          	sh	zero,6(sp)
 258:	00010623          	sb	zero,12(sp)
 25c:	2575                	jal	908 <TIM_TimeBaseInit>
 25e:	4602                	lw	a2,0(sp)
 260:	67c1                	lui	a5,0x10
 262:	07078793          	addi	a5,a5,112 # 10070 <_data_lma+0xf48c>
 266:	086c                	addi	a1,sp,28
 268:	40000537          	lui	a0,0x40000
 26c:	ce3e                	sw	a5,28(sp)
 26e:	02c11123          	sh	a2,34(sp)
 272:	02011223          	sh	zero,36(sp)
 276:	6e0000ef          	jal	ra,956 <TIM_OC1Init>
 27a:	4581                	li	a1,0
 27c:	40000537          	lui	a0,0x40000
 280:	7a4000ef          	jal	ra,a24 <TIM_OC1PreloadConfig>
 284:	4585                	li	a1,1
 286:	40000537          	lui	a0,0x40000
 28a:	780000ef          	jal	ra,a0a <TIM_ARRPreloadConfig>
 28e:	02c10113          	addi	sp,sp,44
 292:	bd21                	j	aa <__riscv_restore_0>

00000294 <TIM1_DMA_Init>:
 294:	e0dff2ef          	jal	t0,a0 <__riscv_save_0>
 298:	fcc10113          	addi	sp,sp,-52
 29c:	842a                	mv	s0,a0
 29e:	c22e                	sw	a1,4(sp)
 2a0:	84b2                	mv	s1,a2
 2a2:	4581                	li	a1,0
 2a4:	02c00613          	li	a2,44
 2a8:	0028                	addi	a0,sp,8
 2aa:	c036                	sw	a3,0(sp)
 2ac:	3d79                	jal	14a <memset>
 2ae:	4585                	li	a1,1
 2b0:	4505                	li	a0,1
 2b2:	2bf5                	jal	8ae <RCC_AHBPeriphClockCmd>
 2b4:	8522                	mv	a0,s0
 2b6:	26f1                	jal	682 <DMA_DeInit>
 2b8:	4792                	lw	a5,4(sp)
 2ba:	4682                	lw	a3,0(sp)
 2bc:	002c                	addi	a1,sp,8
 2be:	c43e                	sw	a5,8(sp)
 2c0:	47c1                	li	a5,16
 2c2:	c83e                	sw	a5,16(sp)
 2c4:	08000793          	li	a5,128
 2c8:	ce3e                	sw	a5,28(sp)
 2ca:	10000793          	li	a5,256
 2ce:	d03e                	sw	a5,32(sp)
 2d0:	40000793          	li	a5,1024
 2d4:	d23e                	sw	a5,36(sp)
 2d6:	02000793          	li	a5,32
 2da:	d43e                	sw	a5,40(sp)
 2dc:	8522                	mv	a0,s0
 2de:	678d                	lui	a5,0x3
 2e0:	ca36                	sw	a3,20(sp)
 2e2:	d63e                	sw	a5,44(sp)
 2e4:	c626                	sw	s1,12(sp)
 2e6:	cc02                	sw	zero,24(sp)
 2e8:	d802                	sw	zero,48(sp)
 2ea:	212d                	jal	714 <DMA_Init>
 2ec:	4585                	li	a1,1
 2ee:	8522                	mv	a0,s0
 2f0:	29b1                	jal	74c <DMA_Cmd>
 2f2:	03410113          	addi	sp,sp,52
 2f6:	bb55                	j	aa <__riscv_restore_0>

000002f8 <USARTx_CFG>:
 2f8:	da9ff2ef          	jal	t0,a0 <__riscv_save_0>
 2fc:	6511                	lui	a0,0x4
 2fe:	1111                	addi	sp,sp,-28
 300:	4585                	li	a1,1
 302:	02050513          	addi	a0,a0,32 # 4020 <_data_lma+0x343c>
 306:	c002                	sw	zero,0(sp)
 308:	c202                	sw	zero,4(sp)
 30a:	c402                	sw	zero,8(sp)
 30c:	c602                	sw	zero,12(sp)
 30e:	c802                	sw	zero,16(sp)
 310:	ca02                	sw	zero,20(sp)
 312:	cc02                	sw	zero,24(sp)
 314:	2b65                	jal	8cc <RCC_APB2PeriphClockCmd>
 316:	02000793          	li	a5,32
 31a:	807c                	sh	a5,0(sp)
 31c:	40011437          	lui	s0,0x40011
 320:	478d                	li	a5,3
 322:	c23e                	sw	a5,4(sp)
 324:	858a                	mv	a1,sp
 326:	47e1                	li	a5,24
 328:	40040513          	addi	a0,s0,1024 # 40011400 <__global_pointer$+0x20010bc0>
 32c:	c43e                	sw	a5,8(sp)
 32e:	290d                	jal	760 <GPIO_Init>
 330:	04000793          	li	a5,64
 334:	807c                	sh	a5,0(sp)
 336:	858a                	mv	a1,sp
 338:	4791                	li	a5,4
 33a:	40040513          	addi	a0,s0,1024
 33e:	c43e                	sw	a5,8(sp)
 340:	2105                	jal	760 <GPIO_Init>
 342:	67f1                	lui	a5,0x1c
 344:	40014437          	lui	s0,0x40014
 348:	20078793          	addi	a5,a5,512 # 1c200 <_data_lma+0x1b61c>
 34c:	c63e                	sw	a5,12(sp)
 34e:	006c                	addi	a1,sp,12
 350:	000c07b7          	lui	a5,0xc0
 354:	80040513          	addi	a0,s0,-2048 # 40013800 <__global_pointer$+0x20012fc0>
 358:	ca3e                	sw	a5,20(sp)
 35a:	c802                	sw	zero,16(sp)
 35c:	00011c23          	sh	zero,24(sp)
 360:	2dc9                	jal	a32 <USART_Init>
 362:	4585                	li	a1,1
 364:	80040513          	addi	a0,s0,-2048
 368:	796000ef          	jal	ra,afe <USART_Cmd>
 36c:	0171                	addi	sp,sp,28
 36e:	bb35                	j	aa <__riscv_restore_0>

00000370 <initGpioCustom>:
 370:	d31ff2ef          	jal	t0,a0 <__riscv_save_0>
 374:	1151                	addi	sp,sp,-12
 376:	4585                	li	a1,1
 378:	03000513          	li	a0,48
 37c:	c002                	sw	zero,0(sp)
 37e:	c202                	sw	zero,4(sp)
 380:	c402                	sw	zero,8(sp)
 382:	23a9                	jal	8cc <RCC_APB2PeriphClockCmd>
 384:	47e1                	li	a5,24
 386:	807c                	sh	a5,0(sp)
 388:	400117b7          	lui	a5,0x40011
 38c:	440d                	li	s0,3
 38e:	02800493          	li	s1,40
 392:	858a                	mv	a1,sp
 394:	40078513          	addi	a0,a5,1024 # 40011400 <__global_pointer$+0x20010bc0>
 398:	c222                	sw	s0,4(sp)
 39a:	c426                	sw	s1,8(sp)
 39c:	26d1                	jal	760 <GPIO_Init>
 39e:	400117b7          	lui	a5,0x40011
 3a2:	4705                	li	a4,1
 3a4:	8078                	sh	a4,0(sp)
 3a6:	858a                	mv	a1,sp
 3a8:	4741                	li	a4,16
 3aa:	40078513          	addi	a0,a5,1024 # 40011400 <__global_pointer$+0x20010bc0>
 3ae:	c43a                	sw	a4,8(sp)
 3b0:	c222                	sw	s0,4(sp)
 3b2:	267d                	jal	760 <GPIO_Init>
 3b4:	06800793          	li	a5,104
 3b8:	858a                	mv	a1,sp
 3ba:	40011537          	lui	a0,0x40011
 3be:	807c                	sh	a5,0(sp)
 3c0:	c222                	sw	s0,4(sp)
 3c2:	c426                	sw	s1,8(sp)
 3c4:	2e71                	jal	760 <GPIO_Init>
 3c6:	0131                	addi	sp,sp,12
 3c8:	b1cd                	j	aa <__riscv_restore_0>

000003ca <flashLed>:
 3ca:	cd7ff2ef          	jal	t0,a0 <__riscv_save_0>
 3ce:	40011437          	lui	s0,0x40011
 3d2:	4585                	li	a1,1
 3d4:	40040513          	addi	a0,s0,1024 # 40011400 <__global_pointer$+0x20010bc0>
 3d8:	2111                	jal	7dc <GPIO_ReadInputDataBit>
 3da:	fff50613          	addi	a2,a0,-1 # 40010fff <__global_pointer$+0x200107bf>
 3de:	00c03633          	snez	a2,a2
 3e2:	4585                	li	a1,1
 3e4:	40040513          	addi	a0,s0,1024
 3e8:	2efd                	jal	7e6 <GPIO_WriteBit>
 3ea:	06400513          	li	a0,100
 3ee:	762000ef          	jal	ra,b50 <Delay_Ms>
 3f2:	b965                	j	aa <__riscv_restore_0>

000003f4 <main>:
 3f4:	cadff2ef          	jal	t0,a0 <__riscv_save_0>
 3f8:	4505                	li	a0,1
 3fa:	2edd                	jal	7f0 <NVIC_PriorityGroupConfig>
 3fc:	2085                	jal	45c <SystemInit>
 3fe:	22ad                	jal	568 <SystemCoreClockUpdate>
 400:	2f11                	jal	b14 <Delay_Init>
 402:	6571                	lui	a0,0x1c
 404:	20050513          	addi	a0,a0,512 # 1c200 <_data_lma+0x1b61c>
 408:	786000ef          	jal	ra,b8e <USART_Printf_Init>
 40c:	20000437          	lui	s0,0x20000
 410:	35e5                	jal	2f8 <USARTx_CFG>
 412:	3fb9                	jal	370 <initGpioCustom>
 414:	00045603          	lhu	a2,0(s0) # 20000000 <_highcode_vma_end>
 418:	65b1                	lui	a1,0xc
 41a:	b7f58593          	addi	a1,a1,-1153 # bb7f <_data_lma+0xaf9b>
 41e:	06400513          	li	a0,100
 422:	33cd                	jal	204 <TIM2_PWMOut_Init>
 424:	400005b7          	lui	a1,0x40000
 428:	40020537          	lui	a0,0x40020
 42c:	468d                	li	a3,3
 42e:	00040613          	mv	a2,s0
 432:	03c58593          	addi	a1,a1,60 # 4000003c <__global_pointer$+0x1ffff7fc>
 436:	05850513          	addi	a0,a0,88 # 40020058 <__global_pointer$+0x2001f818>
 43a:	3da9                	jal	294 <TIM1_DMA_Init>
 43c:	4605                	li	a2,1
 43e:	10000593          	li	a1,256
 442:	40000537          	lui	a0,0x40000
 446:	2b6d                	jal	a00 <TIM_DMACmd>
 448:	4585                	li	a1,1
 44a:	40000537          	lui	a0,0x40000
 44e:	2b8d                	jal	9c0 <TIM_Cmd>
 450:	4585                	li	a1,1
 452:	40000537          	lui	a0,0x40000
 456:	2349                	jal	9d8 <TIM_CtrlPWMOutputs>
 458:	3f8d                	jal	3ca <flashLed>
 45a:	bffd                	j	458 <main+0x64>

0000045c <SystemInit>:
 45c:	c45ff2ef          	jal	t0,a0 <__riscv_save_0>
 460:	40021437          	lui	s0,0x40021
 464:	401c                	lw	a5,0(s0)
 466:	f8ff0737          	lui	a4,0xf8ff0
 46a:	1161                	addi	sp,sp,-8
 46c:	0017e793          	ori	a5,a5,1
 470:	c01c                	sw	a5,0(s0)
 472:	405c                	lw	a5,4(s0)
 474:	4541                	li	a0,16
 476:	8ff9                	and	a5,a5,a4
 478:	c05c                	sw	a5,4(s0)
 47a:	401c                	lw	a5,0(s0)
 47c:	fef70737          	lui	a4,0xfef70
 480:	177d                	addi	a4,a4,-1
 482:	8ff9                	and	a5,a5,a4
 484:	c01c                	sw	a5,0(s0)
 486:	401c                	lw	a5,0(s0)
 488:	fffc0737          	lui	a4,0xfffc0
 48c:	177d                	addi	a4,a4,-1
 48e:	8ff9                	and	a5,a5,a4
 490:	c01c                	sw	a5,0(s0)
 492:	405c                	lw	a5,4(s0)
 494:	7741                	lui	a4,0xffff0
 496:	177d                	addi	a4,a4,-1
 498:	8ff9                	and	a5,a5,a4
 49a:	c05c                	sw	a5,4(s0)
 49c:	009f07b7          	lui	a5,0x9f0
 4a0:	c41c                	sw	a5,8(s0)
 4a2:	2ea1                	jal	7fa <RCC_AdjustHSICalibrationValue>
 4a4:	4c1c                	lw	a5,24(s0)
 4a6:	00020637          	lui	a2,0x20
 4aa:	0207e793          	ori	a5,a5,32
 4ae:	cc1c                	sw	a5,24(s0)
 4b0:	400117b7          	lui	a5,0x40011
 4b4:	4007a703          	lw	a4,1024(a5) # 40011400 <__global_pointer$+0x20010bc0>
 4b8:	40078693          	addi	a3,a5,1024
 4bc:	f0f77713          	andi	a4,a4,-241
 4c0:	40e7a023          	sw	a4,1024(a5)
 4c4:	4007a703          	lw	a4,1024(a5)
 4c8:	08076713          	ori	a4,a4,128
 4cc:	40e7a023          	sw	a4,1024(a5)
 4d0:	4789                	li	a5,2
 4d2:	ca9c                	sw	a5,16(a3)
 4d4:	c002                	sw	zero,0(sp)
 4d6:	c202                	sw	zero,4(sp)
 4d8:	4c1c                	lw	a5,24(s0)
 4da:	40010737          	lui	a4,0x40010
 4de:	66a1                	lui	a3,0x8
 4e0:	0017e793          	ori	a5,a5,1
 4e4:	cc1c                	sw	a5,24(s0)
 4e6:	435c                	lw	a5,4(a4)
 4e8:	8fd5                	or	a5,a5,a3
 4ea:	c35c                	sw	a5,4(a4)
 4ec:	401c                	lw	a5,0(s0)
 4ee:	6741                	lui	a4,0x10
 4f0:	400216b7          	lui	a3,0x40021
 4f4:	8fd9                	or	a5,a5,a4
 4f6:	c01c                	sw	a5,0(s0)
 4f8:	6709                	lui	a4,0x2
 4fa:	429c                	lw	a5,0(a3)
 4fc:	8ff1                	and	a5,a5,a2
 4fe:	c23e                	sw	a5,4(sp)
 500:	4782                	lw	a5,0(sp)
 502:	0785                	addi	a5,a5,1
 504:	c03e                	sw	a5,0(sp)
 506:	4792                	lw	a5,4(sp)
 508:	e781                	bnez	a5,510 <SystemInit+0xb4>
 50a:	4782                	lw	a5,0(sp)
 50c:	fee797e3          	bne	a5,a4,4fa <SystemInit+0x9e>
 510:	400217b7          	lui	a5,0x40021
 514:	439c                	lw	a5,0(a5)
 516:	00e79713          	slli	a4,a5,0xe
 51a:	04075563          	bgez	a4,564 <SystemInit+0x108>
 51e:	4785                	li	a5,1
 520:	c23e                	sw	a5,4(sp)
 522:	4712                	lw	a4,4(sp)
 524:	4785                	li	a5,1
 526:	02f71d63          	bne	a4,a5,560 <SystemInit+0x104>
 52a:	400227b7          	lui	a5,0x40022
 52e:	4398                	lw	a4,0(a5)
 530:	400216b7          	lui	a3,0x40021
 534:	9b71                	andi	a4,a4,-4
 536:	c398                	sw	a4,0(a5)
 538:	4398                	lw	a4,0(a5)
 53a:	c398                	sw	a4,0(a5)
 53c:	400217b7          	lui	a5,0x40021
 540:	43d8                	lw	a4,4(a5)
 542:	02076713          	ori	a4,a4,32
 546:	c3d8                	sw	a4,4(a5)
 548:	43d8                	lw	a4,4(a5)
 54a:	9b71                	andi	a4,a4,-4
 54c:	c3d8                	sw	a4,4(a5)
 54e:	43d8                	lw	a4,4(a5)
 550:	00176713          	ori	a4,a4,1
 554:	c3d8                	sw	a4,4(a5)
 556:	4711                	li	a4,4
 558:	42dc                	lw	a5,4(a3)
 55a:	8bb1                	andi	a5,a5,12
 55c:	fee79ee3          	bne	a5,a4,558 <SystemInit+0xfc>
 560:	0121                	addi	sp,sp,8
 562:	b6a1                	j	aa <__riscv_restore_0>
 564:	c202                	sw	zero,4(sp)
 566:	bf75                	j	522 <SystemInit+0xc6>

00000568 <SystemCoreClockUpdate>:
 568:	b39ff2ef          	jal	t0,a0 <__riscv_save_0>
 56c:	40021737          	lui	a4,0x40021
 570:	435c                	lw	a5,4(a4)
 572:	20000437          	lui	s0,0x20000
 576:	4691                	li	a3,4
 578:	8bb1                	andi	a5,a5,12
 57a:	01840413          	addi	s0,s0,24 # 20000018 <SystemCoreClock>
 57e:	00d78563          	beq	a5,a3,588 <SystemCoreClockUpdate+0x20>
 582:	46a1                	li	a3,8
 584:	04d78063          	beq	a5,a3,5c4 <SystemCoreClockUpdate+0x5c>
 588:	016e37b7          	lui	a5,0x16e3
 58c:	60078793          	addi	a5,a5,1536 # 16e3600 <_data_lma+0x16e2a1c>
 590:	c01c                	sw	a5,0(s0)
 592:	400216b7          	lui	a3,0x40021
 596:	42dc                	lw	a5,4(a3)
 598:	4008                	lw	a0,0(s0)
 59a:	8391                	srli	a5,a5,0x4
 59c:	00f7f713          	andi	a4,a5,15
 5a0:	200007b7          	lui	a5,0x20000
 5a4:	00878793          	addi	a5,a5,8 # 20000008 <AHBPrescTable>
 5a8:	97ba                	add	a5,a5,a4
 5aa:	238c                	lbu	a1,0(a5)
 5ac:	42dc                	lw	a5,4(a3)
 5ae:	0ff5f593          	andi	a1,a1,255
 5b2:	0807f793          	andi	a5,a5,128
 5b6:	00b55733          	srl	a4,a0,a1
 5ba:	e399                	bnez	a5,5c0 <SystemCoreClockUpdate+0x58>
 5bc:	3e21                	jal	d4 <__udivsi3>
 5be:	872a                	mv	a4,a0
 5c0:	c018                	sw	a4,0(s0)
 5c2:	b4e5                	j	aa <__riscv_restore_0>
 5c4:	435c                	lw	a5,4(a4)
 5c6:	02dc77b7          	lui	a5,0x2dc7
 5ca:	c0078793          	addi	a5,a5,-1024 # 2dc6c00 <_data_lma+0x2dc601c>
 5ce:	b7c9                	j	590 <SystemCoreClockUpdate+0x28>

000005d0 <ADC1_IRQHandler>:
 5d0:	a001                	j	5d0 <ADC1_IRQHandler>

000005d2 <handle_reset>:
 5d2:	20000197          	auipc	gp,0x20000
 5d6:	26e18193          	addi	gp,gp,622 # 20000840 <__global_pointer$>
 5da:	fc018113          	addi	sp,gp,-64 # 20000800 <_eusrstack>
 5de:	0a000513          	li	a0,160
 5e2:	20000597          	auipc	a1,0x20000
 5e6:	a1e58593          	addi	a1,a1,-1506 # 20000000 <_highcode_vma_end>
 5ea:	20000617          	auipc	a2,0x20000
 5ee:	a1660613          	addi	a2,a2,-1514 # 20000000 <_highcode_vma_end>
 5f2:	00c5fa63          	bgeu	a1,a2,606 <handle_reset+0x34>
 5f6:	00052283          	lw	t0,0(a0) # 40000000 <__global_pointer$+0x1ffff7c0>
 5fa:	0055a023          	sw	t0,0(a1)
 5fe:	0511                	addi	a0,a0,4
 600:	0591                	addi	a1,a1,4
 602:	fec5eae3          	bltu	a1,a2,5f6 <handle_reset+0x24>
 606:	00000517          	auipc	a0,0x0
 60a:	5de50513          	addi	a0,a0,1502 # be4 <_data_lma>
 60e:	20000597          	auipc	a1,0x20000
 612:	9f258593          	addi	a1,a1,-1550 # 20000000 <_highcode_vma_end>
 616:	20000617          	auipc	a2,0x20000
 61a:	a2a60613          	addi	a2,a2,-1494 # 20000040 <_edata>
 61e:	00c5fa63          	bgeu	a1,a2,632 <handle_reset+0x60>
 622:	00052283          	lw	t0,0(a0)
 626:	0055a023          	sw	t0,0(a1)
 62a:	0511                	addi	a0,a0,4
 62c:	0591                	addi	a1,a1,4
 62e:	fec5eae3          	bltu	a1,a2,622 <handle_reset+0x50>
 632:	20000517          	auipc	a0,0x20000
 636:	a0e50513          	addi	a0,a0,-1522 # 20000040 <_edata>
 63a:	80818593          	addi	a1,gp,-2040 # 20000048 <_ebss>
 63e:	00b57763          	bgeu	a0,a1,64c <handle_reset+0x7a>
 642:	00052023          	sw	zero,0(a0)
 646:	0511                	addi	a0,a0,4
 648:	feb56de3          	bltu	a0,a1,642 <handle_reset+0x70>
 64c:	000022b7          	lui	t0,0x2
 650:	88028293          	addi	t0,t0,-1920 # 1880 <_data_lma+0xc9c>
 654:	30029073          	csrw	mstatus,t0
 658:	428d                	li	t0,3
 65a:	80429073          	csrw	0x804,t0
 65e:	00000297          	auipc	t0,0x0
 662:	9a228293          	addi	t0,t0,-1630 # 0 <_sinit>
 666:	0032e293          	ori	t0,t0,3
 66a:	30529073          	csrw	mtvec,t0
 66e:	defff0ef          	jal	ra,45c <SystemInit>
 672:	00000297          	auipc	t0,0x0
 676:	d8228293          	addi	t0,t0,-638 # 3f4 <main>
 67a:	34129073          	csrw	mepc,t0
 67e:	30200073          	mret

00000682 <DMA_DeInit>:
 682:	411c                	lw	a5,0(a0)
 684:	6741                	lui	a4,0x10
 686:	1779                	addi	a4,a4,-2
 688:	8ff9                	and	a5,a5,a4
 68a:	c11c                	sw	a5,0(a0)
 68c:	00052023          	sw	zero,0(a0)
 690:	00052223          	sw	zero,4(a0)
 694:	00052423          	sw	zero,8(a0)
 698:	400207b7          	lui	a5,0x40020
 69c:	00052623          	sw	zero,12(a0)
 6a0:	00878713          	addi	a4,a5,8 # 40020008 <__global_pointer$+0x2001f7c8>
 6a4:	00e51763          	bne	a0,a4,6b2 <DMA_DeInit+0x30>
 6a8:	43d8                	lw	a4,4(a5)
 6aa:	00f76713          	ori	a4,a4,15
 6ae:	c3d8                	sw	a4,4(a5)
 6b0:	8082                	ret
 6b2:	01c78713          	addi	a4,a5,28
 6b6:	00e51663          	bne	a0,a4,6c2 <DMA_DeInit+0x40>
 6ba:	43d8                	lw	a4,4(a5)
 6bc:	0f076713          	ori	a4,a4,240
 6c0:	b7fd                	j	6ae <DMA_DeInit+0x2c>
 6c2:	03078713          	addi	a4,a5,48
 6c6:	00e51863          	bne	a0,a4,6d6 <DMA_DeInit+0x54>
 6ca:	43d8                	lw	a4,4(a5)
 6cc:	6685                	lui	a3,0x1
 6ce:	f0068693          	addi	a3,a3,-256 # f00 <_data_lma+0x31c>
 6d2:	8f55                	or	a4,a4,a3
 6d4:	bfe9                	j	6ae <DMA_DeInit+0x2c>
 6d6:	04478713          	addi	a4,a5,68
 6da:	00e51563          	bne	a0,a4,6e4 <DMA_DeInit+0x62>
 6de:	43d8                	lw	a4,4(a5)
 6e0:	66bd                	lui	a3,0xf
 6e2:	bfc5                	j	6d2 <DMA_DeInit+0x50>
 6e4:	05878713          	addi	a4,a5,88
 6e8:	00e51663          	bne	a0,a4,6f4 <DMA_DeInit+0x72>
 6ec:	43d8                	lw	a4,4(a5)
 6ee:	000f06b7          	lui	a3,0xf0
 6f2:	b7c5                	j	6d2 <DMA_DeInit+0x50>
 6f4:	06c78713          	addi	a4,a5,108
 6f8:	00e51663          	bne	a0,a4,704 <DMA_DeInit+0x82>
 6fc:	43d8                	lw	a4,4(a5)
 6fe:	00f006b7          	lui	a3,0xf00
 702:	bfc1                	j	6d2 <DMA_DeInit+0x50>
 704:	08078713          	addi	a4,a5,128
 708:	fae514e3          	bne	a0,a4,6b0 <DMA_DeInit+0x2e>
 70c:	43d8                	lw	a4,4(a5)
 70e:	0f0006b7          	lui	a3,0xf000
 712:	b7c1                	j	6d2 <DMA_DeInit+0x50>

00000714 <DMA_Init>:
 714:	4118                	lw	a4,0(a0)
 716:	77e1                	lui	a5,0xffff8
 718:	07bd                	addi	a5,a5,15
 71a:	5194                	lw	a3,32(a1)
 71c:	8f7d                	and	a4,a4,a5
 71e:	459c                	lw	a5,8(a1)
 720:	8fd5                	or	a5,a5,a3
 722:	4994                	lw	a3,16(a1)
 724:	8fd5                	or	a5,a5,a3
 726:	49d4                	lw	a3,20(a1)
 728:	8fd5                	or	a5,a5,a3
 72a:	4d94                	lw	a3,24(a1)
 72c:	8fd5                	or	a5,a5,a3
 72e:	4dd4                	lw	a3,28(a1)
 730:	8fd5                	or	a5,a5,a3
 732:	51d4                	lw	a3,36(a1)
 734:	8fd5                	or	a5,a5,a3
 736:	5594                	lw	a3,40(a1)
 738:	8fd5                	or	a5,a5,a3
 73a:	8fd9                	or	a5,a5,a4
 73c:	c11c                	sw	a5,0(a0)
 73e:	45dc                	lw	a5,12(a1)
 740:	c15c                	sw	a5,4(a0)
 742:	419c                	lw	a5,0(a1)
 744:	c51c                	sw	a5,8(a0)
 746:	41dc                	lw	a5,4(a1)
 748:	c55c                	sw	a5,12(a0)
 74a:	8082                	ret

0000074c <DMA_Cmd>:
 74c:	411c                	lw	a5,0(a0)
 74e:	c589                	beqz	a1,758 <DMA_Cmd+0xc>
 750:	0017e793          	ori	a5,a5,1
 754:	c11c                	sw	a5,0(a0)
 756:	8082                	ret
 758:	6741                	lui	a4,0x10
 75a:	1779                	addi	a4,a4,-2
 75c:	8ff9                	and	a5,a5,a4
 75e:	bfdd                	j	754 <DMA_Cmd+0x8>

00000760 <GPIO_Init>:
 760:	4594                	lw	a3,8(a1)
 762:	0106f793          	andi	a5,a3,16
 766:	00f6f293          	andi	t0,a3,15
 76a:	c781                	beqz	a5,772 <GPIO_Init+0x12>
 76c:	41dc                	lw	a5,4(a1)
 76e:	00f2e2b3          	or	t0,t0,a5
 772:	0005d383          	lhu	t2,0(a1)
 776:	0ff3f793          	andi	a5,t2,255
 77a:	c3a5                	beqz	a5,7da <GPIO_Init+0x7a>
 77c:	00052303          	lw	t1,0(a0)
 780:	1161                	addi	sp,sp,-8
 782:	c222                	sw	s0,4(sp)
 784:	c026                	sw	s1,0(sp)
 786:	4781                	li	a5,0
 788:	02800413          	li	s0,40
 78c:	04800493          	li	s1,72
 790:	4705                	li	a4,1
 792:	00f71633          	sll	a2,a4,a5
 796:	00c3f733          	and	a4,t2,a2
 79a:	02e61263          	bne	a2,a4,7be <GPIO_Init+0x5e>
 79e:	00279593          	slli	a1,a5,0x2
 7a2:	473d                	li	a4,15
 7a4:	00b71733          	sll	a4,a4,a1
 7a8:	fff74713          	not	a4,a4
 7ac:	00677333          	and	t1,a4,t1
 7b0:	00b295b3          	sll	a1,t0,a1
 7b4:	0065e333          	or	t1,a1,t1
 7b8:	00869d63          	bne	a3,s0,7d2 <GPIO_Init+0x72>
 7bc:	c950                	sw	a2,20(a0)
 7be:	0785                	addi	a5,a5,1
 7c0:	4721                	li	a4,8
 7c2:	fce797e3          	bne	a5,a4,790 <GPIO_Init+0x30>
 7c6:	4412                	lw	s0,4(sp)
 7c8:	00652023          	sw	t1,0(a0)
 7cc:	4482                	lw	s1,0(sp)
 7ce:	0121                	addi	sp,sp,8
 7d0:	8082                	ret
 7d2:	fe9696e3          	bne	a3,s1,7be <GPIO_Init+0x5e>
 7d6:	c910                	sw	a2,16(a0)
 7d8:	b7dd                	j	7be <GPIO_Init+0x5e>
 7da:	8082                	ret

000007dc <GPIO_ReadInputDataBit>:
 7dc:	4508                	lw	a0,8(a0)
 7de:	8d6d                	and	a0,a0,a1
 7e0:	00a03533          	snez	a0,a0
 7e4:	8082                	ret

000007e6 <GPIO_WriteBit>:
 7e6:	c219                	beqz	a2,7ec <GPIO_WriteBit+0x6>
 7e8:	c90c                	sw	a1,16(a0)
 7ea:	8082                	ret
 7ec:	c94c                	sw	a1,20(a0)
 7ee:	8082                	ret

000007f0 <NVIC_PriorityGroupConfig>:
 7f0:	200007b7          	lui	a5,0x20000
 7f4:	04a7a023          	sw	a0,64(a5) # 20000040 <_edata>
 7f8:	8082                	ret

000007fa <RCC_AdjustHSICalibrationValue>:
 7fa:	40021737          	lui	a4,0x40021
 7fe:	431c                	lw	a5,0(a4)
 800:	050e                	slli	a0,a0,0x3
 802:	f077f793          	andi	a5,a5,-249
 806:	8d5d                	or	a0,a0,a5
 808:	c308                	sw	a0,0(a4)
 80a:	8082                	ret

0000080c <RCC_GetClocksFreq>:
 80c:	895ff2ef          	jal	t0,a0 <__riscv_save_0>
 810:	40021737          	lui	a4,0x40021
 814:	435c                	lw	a5,4(a4)
 816:	4691                	li	a3,4
 818:	842a                	mv	s0,a0
 81a:	8bb1                	andi	a5,a5,12
 81c:	00d78563          	beq	a5,a3,826 <RCC_GetClocksFreq+0x1a>
 820:	46a1                	li	a3,8
 822:	08d78063          	beq	a5,a3,8a2 <RCC_GetClocksFreq+0x96>
 826:	016e37b7          	lui	a5,0x16e3
 82a:	60078793          	addi	a5,a5,1536 # 16e3600 <_data_lma+0x16e2a1c>
 82e:	c01c                	sw	a5,0(s0)
 830:	400216b7          	lui	a3,0x40021
 834:	42dc                	lw	a5,4(a3)
 836:	8391                	srli	a5,a5,0x4
 838:	00f7f713          	andi	a4,a5,15
 83c:	200007b7          	lui	a5,0x20000
 840:	03078793          	addi	a5,a5,48 # 20000030 <APBAHBPrescTable>
 844:	97ba                	add	a5,a5,a4
 846:	238c                	lbu	a1,0(a5)
 848:	42dc                	lw	a5,4(a3)
 84a:	4018                	lw	a4,0(s0)
 84c:	0ff5f593          	andi	a1,a1,255
 850:	0807f793          	andi	a5,a5,128
 854:	00b75533          	srl	a0,a4,a1
 858:	e781                	bnez	a5,860 <RCC_GetClocksFreq+0x54>
 85a:	853a                	mv	a0,a4
 85c:	879ff0ef          	jal	ra,d4 <__udivsi3>
 860:	c048                	sw	a0,4(s0)
 862:	c408                	sw	a0,8(s0)
 864:	c448                	sw	a0,12(s0)
 866:	400217b7          	lui	a5,0x40021
 86a:	43dc                	lw	a5,4(a5)
 86c:	468d                	li	a3,3
 86e:	83ad                	srli	a5,a5,0xb
 870:	8bfd                	andi	a5,a5,31
 872:	0037d713          	srli	a4,a5,0x3
 876:	078a                	slli	a5,a5,0x2
 878:	8bf1                	andi	a5,a5,28
 87a:	8fd9                	or	a5,a5,a4
 87c:	0137f613          	andi	a2,a5,19
 880:	0037f713          	andi	a4,a5,3
 884:	00c6f463          	bgeu	a3,a2,88c <RCC_GetClocksFreq+0x80>
 888:	ff478713          	addi	a4,a5,-12 # 40020ff4 <__global_pointer$+0x200207b4>
 88c:	200007b7          	lui	a5,0x20000
 890:	01c78793          	addi	a5,a5,28 # 2000001c <ADCPrescTable>
 894:	97ba                	add	a5,a5,a4
 896:	238c                	lbu	a1,0(a5)
 898:	83dff0ef          	jal	ra,d4 <__udivsi3>
 89c:	c808                	sw	a0,16(s0)
 89e:	80dff06f          	j	aa <__riscv_restore_0>
 8a2:	435c                	lw	a5,4(a4)
 8a4:	02dc77b7          	lui	a5,0x2dc7
 8a8:	c0078793          	addi	a5,a5,-1024 # 2dc6c00 <_data_lma+0x2dc601c>
 8ac:	b749                	j	82e <RCC_GetClocksFreq+0x22>

000008ae <RCC_AHBPeriphClockCmd>:
 8ae:	c599                	beqz	a1,8bc <RCC_AHBPeriphClockCmd+0xe>
 8b0:	40021737          	lui	a4,0x40021
 8b4:	4b5c                	lw	a5,20(a4)
 8b6:	8d5d                	or	a0,a0,a5
 8b8:	cb48                	sw	a0,20(a4)
 8ba:	8082                	ret
 8bc:	400217b7          	lui	a5,0x40021
 8c0:	4bd8                	lw	a4,20(a5)
 8c2:	fff54513          	not	a0,a0
 8c6:	8d79                	and	a0,a0,a4
 8c8:	cbc8                	sw	a0,20(a5)
 8ca:	8082                	ret

000008cc <RCC_APB2PeriphClockCmd>:
 8cc:	c599                	beqz	a1,8da <RCC_APB2PeriphClockCmd+0xe>
 8ce:	40021737          	lui	a4,0x40021
 8d2:	4f1c                	lw	a5,24(a4)
 8d4:	8d5d                	or	a0,a0,a5
 8d6:	cf08                	sw	a0,24(a4)
 8d8:	8082                	ret
 8da:	400217b7          	lui	a5,0x40021
 8de:	4f98                	lw	a4,24(a5)
 8e0:	fff54513          	not	a0,a0
 8e4:	8d79                	and	a0,a0,a4
 8e6:	cf88                	sw	a0,24(a5)
 8e8:	8082                	ret

000008ea <RCC_APB1PeriphClockCmd>:
 8ea:	c599                	beqz	a1,8f8 <RCC_APB1PeriphClockCmd+0xe>
 8ec:	40021737          	lui	a4,0x40021
 8f0:	4f5c                	lw	a5,28(a4)
 8f2:	8d5d                	or	a0,a0,a5
 8f4:	cf48                	sw	a0,28(a4)
 8f6:	8082                	ret
 8f8:	400217b7          	lui	a5,0x40021
 8fc:	4fd8                	lw	a4,28(a5)
 8fe:	fff54513          	not	a0,a0
 902:	8d79                	and	a0,a0,a4
 904:	cfc8                	sw	a0,28(a5)
 906:	8082                	ret

00000908 <TIM_TimeBaseInit>:
 908:	211e                	lhu	a5,0(a0)
 90a:	40013737          	lui	a4,0x40013
 90e:	c0070713          	addi	a4,a4,-1024 # 40012c00 <__global_pointer$+0x200123c0>
 912:	07c2                	slli	a5,a5,0x10
 914:	83c1                	srli	a5,a5,0x10
 916:	00e50663          	beq	a0,a4,922 <TIM_TimeBaseInit+0x1a>
 91a:	40000737          	lui	a4,0x40000
 91e:	00e51663          	bne	a0,a4,92a <TIM_TimeBaseInit+0x22>
 922:	21ba                	lhu	a4,2(a1)
 924:	f8f7f793          	andi	a5,a5,-113
 928:	8fd9                	or	a5,a5,a4
 92a:	21fa                	lhu	a4,6(a1)
 92c:	cff7f793          	andi	a5,a5,-769
 930:	07c2                	slli	a5,a5,0x10
 932:	83c1                	srli	a5,a5,0x10
 934:	8fd9                	or	a5,a5,a4
 936:	a11e                	sh	a5,0(a0)
 938:	21de                	lhu	a5,4(a1)
 93a:	b55e                	sh	a5,44(a0)
 93c:	219e                	lhu	a5,0(a1)
 93e:	b51e                	sh	a5,40(a0)
 940:	400137b7          	lui	a5,0x40013
 944:	c0078793          	addi	a5,a5,-1024 # 40012c00 <__global_pointer$+0x200123c0>
 948:	00f51463          	bne	a0,a5,950 <TIM_TimeBaseInit+0x48>
 94c:	259c                	lbu	a5,8(a1)
 94e:	b91e                	sh	a5,48(a0)
 950:	4785                	li	a5,1
 952:	a95e                	sh	a5,20(a0)
 954:	8082                	ret

00000956 <TIM_OC1Init>:
 956:	311e                	lhu	a5,32(a0)
 958:	2192                	lhu	a2,0(a1)
 95a:	0025d303          	lhu	t1,2(a1)
 95e:	07c2                	slli	a5,a5,0x10
 960:	83c1                	srli	a5,a5,0x10
 962:	9bf9                	andi	a5,a5,-2
 964:	07c2                	slli	a5,a5,0x10
 966:	83c1                	srli	a5,a5,0x10
 968:	b11e                	sh	a5,32(a0)
 96a:	311e                	lhu	a5,32(a0)
 96c:	2156                	lhu	a3,4(a0)
 96e:	2d1a                	lhu	a4,24(a0)
 970:	07c2                	slli	a5,a5,0x10
 972:	83c1                	srli	a5,a5,0x10
 974:	0742                	slli	a4,a4,0x10
 976:	8341                	srli	a4,a4,0x10
 978:	f8c77713          	andi	a4,a4,-116
 97c:	8f51                	or	a4,a4,a2
 97e:	2592                	lhu	a2,8(a1)
 980:	9bf5                	andi	a5,a5,-3
 982:	06c2                	slli	a3,a3,0x10
 984:	00666633          	or	a2,a2,t1
 988:	8fd1                	or	a5,a5,a2
 98a:	40013637          	lui	a2,0x40013
 98e:	c0060613          	addi	a2,a2,-1024 # 40012c00 <__global_pointer$+0x200123c0>
 992:	82c1                	srli	a3,a3,0x10
 994:	02c51063          	bne	a0,a2,9b4 <TIM_OC1Init+0x5e>
 998:	25b2                	lhu	a2,10(a1)
 99a:	9bdd                	andi	a5,a5,-9
 99c:	00e5d303          	lhu	t1,14(a1)
 9a0:	8fd1                	or	a5,a5,a2
 9a2:	21d2                	lhu	a2,4(a1)
 9a4:	9bed                	andi	a5,a5,-5
 9a6:	cff6f693          	andi	a3,a3,-769
 9aa:	8fd1                	or	a5,a5,a2
 9ac:	25d2                	lhu	a2,12(a1)
 9ae:	00666633          	or	a2,a2,t1
 9b2:	8ed1                	or	a3,a3,a2
 9b4:	a156                	sh	a3,4(a0)
 9b6:	ad1a                	sh	a4,24(a0)
 9b8:	21fa                	lhu	a4,6(a1)
 9ba:	d958                	sw	a4,52(a0)
 9bc:	b11e                	sh	a5,32(a0)
 9be:	8082                	ret

000009c0 <TIM_Cmd>:
 9c0:	211e                	lhu	a5,0(a0)
 9c2:	c589                	beqz	a1,9cc <TIM_Cmd+0xc>
 9c4:	0017e793          	ori	a5,a5,1
 9c8:	a11e                	sh	a5,0(a0)
 9ca:	8082                	ret
 9cc:	07c2                	slli	a5,a5,0x10
 9ce:	83c1                	srli	a5,a5,0x10
 9d0:	9bf9                	andi	a5,a5,-2
 9d2:	07c2                	slli	a5,a5,0x10
 9d4:	83c1                	srli	a5,a5,0x10
 9d6:	bfcd                	j	9c8 <TIM_Cmd+0x8>

000009d8 <TIM_CtrlPWMOutputs>:
 9d8:	04455783          	lhu	a5,68(a0)
 9dc:	c591                	beqz	a1,9e8 <TIM_CtrlPWMOutputs+0x10>
 9de:	6721                	lui	a4,0x8
 9e0:	8fd9                	or	a5,a5,a4
 9e2:	04f51223          	sh	a5,68(a0)
 9e6:	8082                	ret
 9e8:	07c6                	slli	a5,a5,0x11
 9ea:	83c5                	srli	a5,a5,0x11
 9ec:	bfdd                	j	9e2 <TIM_CtrlPWMOutputs+0xa>

000009ee <TIM_ITConfig>:
 9ee:	255e                	lhu	a5,12(a0)
 9f0:	c601                	beqz	a2,9f8 <TIM_ITConfig+0xa>
 9f2:	8ddd                	or	a1,a1,a5
 9f4:	a54e                	sh	a1,12(a0)
 9f6:	8082                	ret
 9f8:	fff5c593          	not	a1,a1
 9fc:	8dfd                	and	a1,a1,a5
 9fe:	bfdd                	j	9f4 <TIM_ITConfig+0x6>

00000a00 <TIM_DMACmd>:
 a00:	ea0ff2ef          	jal	t0,a0 <__riscv_save_0>
 a04:	37ed                	jal	9ee <TIM_ITConfig>
 a06:	ea4ff06f          	j	aa <__riscv_restore_0>

00000a0a <TIM_ARRPreloadConfig>:
 a0a:	211e                	lhu	a5,0(a0)
 a0c:	c589                	beqz	a1,a16 <TIM_ARRPreloadConfig+0xc>
 a0e:	0807e793          	ori	a5,a5,128
 a12:	a11e                	sh	a5,0(a0)
 a14:	8082                	ret
 a16:	07c2                	slli	a5,a5,0x10
 a18:	83c1                	srli	a5,a5,0x10
 a1a:	f7f7f793          	andi	a5,a5,-129
 a1e:	07c2                	slli	a5,a5,0x10
 a20:	83c1                	srli	a5,a5,0x10
 a22:	bfc5                	j	a12 <TIM_ARRPreloadConfig+0x8>

00000a24 <TIM_OC1PreloadConfig>:
 a24:	2d1e                	lhu	a5,24(a0)
 a26:	07c2                	slli	a5,a5,0x10
 a28:	83c1                	srli	a5,a5,0x10
 a2a:	9bdd                	andi	a5,a5,-9
 a2c:	8ddd                	or	a1,a1,a5
 a2e:	ad0e                	sh	a1,24(a0)
 a30:	8082                	ret

00000a32 <USART_Init>:
 a32:	e6eff2ef          	jal	t0,a0 <__riscv_save_0>
 a36:	2916                	lhu	a3,16(a0)
 a38:	77f5                	lui	a5,0xffffd
 a3a:	17fd                	addi	a5,a5,-1
 a3c:	8ff5                	and	a5,a5,a3
 a3e:	21f6                	lhu	a3,6(a1)
 a40:	25da                	lhu	a4,12(a1)
 a42:	1121                	addi	sp,sp,-24
 a44:	8fd5                	or	a5,a5,a3
 a46:	a91e                	sh	a5,16(a0)
 a48:	2556                	lhu	a3,12(a0)
 a4a:	77fd                	lui	a5,0xfffff
 a4c:	9f378793          	addi	a5,a5,-1549 # ffffe9f3 <__global_pointer$+0xdfffe1b3>
 a50:	8ff5                	and	a5,a5,a3
 a52:	21d6                	lhu	a3,4(a1)
 a54:	842a                	mv	s0,a0
 a56:	c02e                	sw	a1,0(sp)
 a58:	8fd5                	or	a5,a5,a3
 a5a:	2596                	lhu	a3,8(a1)
 a5c:	8fd5                	or	a5,a5,a3
 a5e:	25b6                	lhu	a3,10(a1)
 a60:	8fd5                	or	a5,a5,a3
 a62:	a55e                	sh	a5,12(a0)
 a64:	295e                	lhu	a5,20(a0)
 a66:	07c2                	slli	a5,a5,0x10
 a68:	83c1                	srli	a5,a5,0x10
 a6a:	cff7f793          	andi	a5,a5,-769
 a6e:	8f5d                	or	a4,a4,a5
 a70:	a95a                	sh	a4,20(a0)
 a72:	0048                	addi	a0,sp,4
 a74:	3b61                	jal	80c <RCC_GetClocksFreq>
 a76:	400147b7          	lui	a5,0x40014
 a7a:	80078793          	addi	a5,a5,-2048 # 40013800 <__global_pointer$+0x20012fc0>
 a7e:	4582                	lw	a1,0(sp)
 a80:	06f41263          	bne	s0,a5,ae4 <USART_Init+0xb2>
 a84:	47c2                	lw	a5,16(sp)
 a86:	245a                	lhu	a4,12(s0)
 a88:	00179513          	slli	a0,a5,0x1
 a8c:	953e                	add	a0,a0,a5
 a8e:	0742                	slli	a4,a4,0x10
 a90:	050e                	slli	a0,a0,0x3
 a92:	8741                	srai	a4,a4,0x10
 a94:	953e                	add	a0,a0,a5
 a96:	418c                	lw	a1,0(a1)
 a98:	04075863          	bgez	a4,ae8 <USART_Init+0xb6>
 a9c:	0586                	slli	a1,a1,0x1
 a9e:	e36ff0ef          	jal	ra,d4 <__udivsi3>
 aa2:	06400593          	li	a1,100
 aa6:	c02a                	sw	a0,0(sp)
 aa8:	e2cff0ef          	jal	ra,d4 <__udivsi3>
 aac:	4782                	lw	a5,0(sp)
 aae:	00451493          	slli	s1,a0,0x4
 ab2:	06400593          	li	a1,100
 ab6:	853e                	mv	a0,a5
 ab8:	e48ff0ef          	jal	ra,100 <__umodsi3>
 abc:	245e                	lhu	a5,12(s0)
 abe:	07c2                	slli	a5,a5,0x10
 ac0:	87c1                	srai	a5,a5,0x10
 ac2:	0207d563          	bgez	a5,aec <USART_Init+0xba>
 ac6:	050e                	slli	a0,a0,0x3
 ac8:	06400593          	li	a1,100
 acc:	03250513          	addi	a0,a0,50
 ad0:	e04ff0ef          	jal	ra,d4 <__udivsi3>
 ad4:	891d                	andi	a0,a0,7
 ad6:	8cc9                	or	s1,s1,a0
 ad8:	04c2                	slli	s1,s1,0x10
 ada:	80c1                	srli	s1,s1,0x10
 adc:	a406                	sh	s1,8(s0)
 ade:	0161                	addi	sp,sp,24
 ae0:	dcaff06f          	j	aa <__riscv_restore_0>
 ae4:	47b2                	lw	a5,12(sp)
 ae6:	b745                	j	a86 <USART_Init+0x54>
 ae8:	058a                	slli	a1,a1,0x2
 aea:	bf55                	j	a9e <USART_Init+0x6c>
 aec:	0512                	slli	a0,a0,0x4
 aee:	06400593          	li	a1,100
 af2:	03250513          	addi	a0,a0,50
 af6:	ddeff0ef          	jal	ra,d4 <__udivsi3>
 afa:	893d                	andi	a0,a0,15
 afc:	bfe9                	j	ad6 <USART_Init+0xa4>

00000afe <USART_Cmd>:
 afe:	c591                	beqz	a1,b0a <USART_Cmd+0xc>
 b00:	255e                	lhu	a5,12(a0)
 b02:	6709                	lui	a4,0x2
 b04:	8fd9                	or	a5,a5,a4
 b06:	a55e                	sh	a5,12(a0)
 b08:	8082                	ret
 b0a:	255a                	lhu	a4,12(a0)
 b0c:	77f9                	lui	a5,0xffffe
 b0e:	17fd                	addi	a5,a5,-1
 b10:	8ff9                	and	a5,a5,a4
 b12:	bfd5                	j	b06 <USART_Cmd+0x8>

00000b14 <Delay_Init>:
 b14:	d8cff2ef          	jal	t0,a0 <__riscv_save_0>
 b18:	200007b7          	lui	a5,0x20000
 b1c:	0187a503          	lw	a0,24(a5) # 20000018 <SystemCoreClock>
 b20:	007a15b7          	lui	a1,0x7a1
 b24:	20058593          	addi	a1,a1,512 # 7a1200 <_data_lma+0x7a061c>
 b28:	dacff0ef          	jal	ra,d4 <__udivsi3>
 b2c:	0ff57513          	andi	a0,a0,255
 b30:	200007b7          	lui	a5,0x20000
 b34:	04a78323          	sb	a0,70(a5) # 20000046 <p_us>
 b38:	00551793          	slli	a5,a0,0x5
 b3c:	8f89                	sub	a5,a5,a0
 b3e:	078a                	slli	a5,a5,0x2
 b40:	953e                	add	a0,a0,a5
 b42:	050e                	slli	a0,a0,0x3
 b44:	200007b7          	lui	a5,0x20000
 b48:	04a79223          	sh	a0,68(a5) # 20000044 <p_ms>
 b4c:	d5eff06f          	j	aa <__riscv_restore_0>

00000b50 <Delay_Ms>:
 b50:	d50ff2ef          	jal	t0,a0 <__riscv_save_0>
 b54:	e000f437          	lui	s0,0xe000f
 b58:	405c                	lw	a5,4(s0)
 b5a:	85aa                	mv	a1,a0
 b5c:	9bf9                	andi	a5,a5,-2
 b5e:	c05c                	sw	a5,4(s0)
 b60:	200007b7          	lui	a5,0x20000
 b64:	0447d503          	lhu	a0,68(a5) # 20000044 <p_ms>
 b68:	d4cff0ef          	jal	ra,b4 <__mulsi3>
 b6c:	c808                	sw	a0,16(s0)
 b6e:	00042423          	sw	zero,8(s0) # e000f008 <__global_pointer$+0xc000e7c8>
 b72:	401c                	lw	a5,0(s0)
 b74:	0017e793          	ori	a5,a5,1
 b78:	c01c                	sw	a5,0(s0)
 b7a:	e000f7b7          	lui	a5,0xe000f
 b7e:	43d8                	lw	a4,4(a5)
 b80:	8b05                	andi	a4,a4,1
 b82:	df75                	beqz	a4,b7e <Delay_Ms+0x2e>
 b84:	4398                	lw	a4,0(a5)
 b86:	9b79                	andi	a4,a4,-2
 b88:	c398                	sw	a4,0(a5)
 b8a:	d20ff06f          	j	aa <__riscv_restore_0>

00000b8e <USART_Printf_Init>:
 b8e:	d12ff2ef          	jal	t0,a0 <__riscv_save_0>
 b92:	842a                	mv	s0,a0
 b94:	6511                	lui	a0,0x4
 b96:	1111                	addi	sp,sp,-28
 b98:	4585                	li	a1,1
 b9a:	02050513          	addi	a0,a0,32 # 4020 <_data_lma+0x343c>
 b9e:	333d                	jal	8cc <RCC_APB2PeriphClockCmd>
 ba0:	02000793          	li	a5,32
 ba4:	807c                	sh	a5,0(sp)
 ba6:	40011537          	lui	a0,0x40011
 baa:	478d                	li	a5,3
 bac:	c23e                	sw	a5,4(sp)
 bae:	858a                	mv	a1,sp
 bb0:	47e1                	li	a5,24
 bb2:	40050513          	addi	a0,a0,1024 # 40011400 <__global_pointer$+0x20010bc0>
 bb6:	c43e                	sw	a5,8(sp)
 bb8:	3665                	jal	760 <GPIO_Init>
 bba:	c622                	sw	s0,12(sp)
 bbc:	40014437          	lui	s0,0x40014
 bc0:	000807b7          	lui	a5,0x80
 bc4:	006c                	addi	a1,sp,12
 bc6:	80040513          	addi	a0,s0,-2048 # 40013800 <__global_pointer$+0x20012fc0>
 bca:	ca3e                	sw	a5,20(sp)
 bcc:	c802                	sw	zero,16(sp)
 bce:	00011c23          	sh	zero,24(sp)
 bd2:	3585                	jal	a32 <USART_Init>
 bd4:	4585                	li	a1,1
 bd6:	80040513          	addi	a0,s0,-2048
 bda:	3715                	jal	afe <USART_Cmd>
 bdc:	0171                	addi	sp,sp,28
 bde:	cccff06f          	j	aa <__riscv_restore_0>
	...
